// Jest Snapshot v1, https://goo.gl/fbAQLP

exports[`<Map /> render suit <Map /> render pin list of apartments 1`] = `
<section
  className=" map"
/>
`;
