// Jest Snapshot v1, https://goo.gl/fbAQLP

exports[`<AppPreloader /> render suit <AppPreloader /> render offline screen 1`] = `
<div
  className="page page--gray page--main"
>
  <main
    className="page__main page__main--index page__main--index-empty"
  >
    <h1
      className="visually-hidden"
    >
      Cities
    </h1>
    <div
      className="cities"
    >
      <div
        className="cities__places-container cities__places-container--empty container"
      >
        <section
          className="cities__no-places"
        >
          <div
            className="cities__status-wrapper tabs__content"
          >
            <b
              className="cities__status"
            >
              No places to stay available
            </b>
            <p
              className="cities__status-description"
            >
              Server does not not response. Try again later
            </p>
          </div>
        </section>
        <div
          className="cities__right-section"
        />
      </div>
    </div>
  </main>
</div>
`;

exports[`<AppPreloader /> render suit <AppPreloader /> render preload (null) screen 1`] = `null`;
